#
# There is insufficient memory for the Java Runtime Environment to continue.
# Native memory allocation (malloc) failed to allocate 1505456 bytes for Chunk::new
# Possible reasons:
#   The system is out of physical RAM or swap space
#   The process is running with CompressedOops enabled, and the Java Heap may be blocking the growth of the native heap
# Possible solutions:
#   Reduce memory load on the system
#   Increase physical memory or swap space
#   Check if swap backing store is full
#   Decrease Java heap size (-Xmx/-Xms)
#   Decrease number of Java threads
#   Decrease Java thread stack sizes (-Xss)
#   Set larger code cache with -XX:ReservedCodeCacheSize=
#   JVM is running with Unscaled Compressed Oops mode in which the Java heap is
#     placed in the first 4GB address space. The Java Heap base address is the
#     maximum limit for the native heap growth. Please use -XX:HeapBaseMinAddress
#     to set the Java Heap base and to place the Java Heap above 4GB virtual address.
# This output file may be truncated or incomplete.
#
#  Out of Memory Error (arena.cpp:184), pid=28752, tid=27012
#
# JRE version: Java(TM) SE Runtime Environment (20.0.2+9) (build 20.0.2+9-78)
# Java VM: Java HotSpot(TM) 64-Bit Server VM (20.0.2+9-78, mixed mode, sharing, tiered, compressed oops, compressed class ptrs, g1 gc, windows-amd64)
# No core dump will be written. Minidumps are not enabled by default on client versions of Windows
#

---------------  S U M M A R Y ------------

Command Line: -agentlib:jdwp=transport=dt_socket,address=127.0.0.1:61697,suspend=y,server=n -javaagent:C:\Users\guido\AppData\Local\JetBrains\IdeaIC2025.1\captureAgent\debugger-agent.jar=file:///C:/Users/guido/AppData/Local/Temp/capture12559005911569468396.props -Dkotlinx.coroutines.debug.enable.creation.stack.trace=false -Ddebugger.agent.enable.coroutines=true -Dkotlinx.coroutines.debug.enable.flows.stack.trace=true -Dkotlinx.coroutines.debug.enable.mutable.state.flows.stack.trace=true -Dfile.encoding=UTF-8 -Dsun.stdout.encoding=UTF-8 -Dsun.stderr.encoding=UTF-8 com.login.LoginApplication

Host: AMD Ryzen 5 5500U with Radeon Graphics         , 12 cores, 5G,  Windows 11 , 64 bit Build 26100 (10.0.26100.7019)
Time: Mon Nov 24 20:24:58 2025 Hora estándar de Argentina elapsed time: 66.113999 seconds (0d 0h 1m 6s)

---------------  T H R E A D  ---------------

Current thread (0x000002878a7deb70):  JavaThread "C2 CompilerThread1" daemon [_thread_in_native, id=27012, stack(0x0000009013400000,0x0000009013500000)]


Current CompileTask:
C2:  66114 7123       4       org.springframework.aop.support.AopUtils::canApply (210 bytes)

Stack: [0x0000009013400000,0x0000009013500000]
Native frames: (J=compiled Java code, j=interpreted, Vv=VM code, C=native code)
V  [jvm.dll+0x6bc25a]
V  [jvm.dll+0x84971a]
V  [jvm.dll+0x84b315]
V  [jvm.dll+0x84ba13]
V  [jvm.dll+0x280e4f]
V  [jvm.dll+0xc2ab1]
V  [jvm.dll+0xc2dd5]
V  [jvm.dll+0x3bb612]
V  [jvm.dll+0x385b75]
V  [jvm.dll+0x384fea]
V  [jvm.dll+0x24b529]
V  [jvm.dll+0x24a921]
V  [jvm.dll+0x1ce761]
V  [jvm.dll+0x25a0eb]
V  [jvm.dll+0x2587c0]
V  [jvm.dll+0x3f2dd5]
V  [jvm.dll+0x7f5c76]
V  [jvm.dll+0x6baecb]
C  [ucrtbase.dll+0x37b0]
C  [KERNEL32.DLL+0x2e8d7]
C  [ntdll.dll+0x8c53c]


---------------  P R O C E S S  ---------------

Threads class SMR info:
_java_thread_list=0x000002878b2dd560, length=24, elements={
0x0000028722bd1930, 0x000002873ee63220, 0x000002873ee63d60, 0x000002873ee668b0,
0x000002873ee69300, 0x000002873ee6ac50, 0x000002873ee6b590, 0x000002873ee6c200,
0x000002873ee6f7a0, 0x000002873ee2db80, 0x00000287842c0f10, 0x0000028784211070,
0x00000287842115d0, 0x000002878428c130, 0x000002878433b0c0, 0x0000028784c1e960,
0x0000028784219360, 0x0000028789d72ac0, 0x0000028789d74550, 0x0000028789d75540,
0x000002878a7deb70, 0x000002878aff3510, 0x000002878aff54f0, 0x000002878aff4a50
}

Java Threads: ( => current thread )
  0x0000028722bd1930 JavaThread "main" [_thread_blocked, id=3456, stack(0x0000009013600000,0x0000009013700000)]
  0x000002873ee63220 JavaThread "Reference Handler" daemon [_thread_blocked, id=21432, stack(0x0000009013d00000,0x0000009013e00000)]
  0x000002873ee63d60 JavaThread "Finalizer" daemon [_thread_blocked, id=1704, stack(0x0000009013e00000,0x0000009013f00000)]
  0x000002873ee668b0 JavaThread "Signal Dispatcher" daemon [_thread_blocked, id=10428, stack(0x0000009013f00000,0x0000009014000000)]
  0x000002873ee69300 JavaThread "Attach Listener" daemon [_thread_blocked, id=25812, stack(0x0000009014000000,0x0000009014100000)]
  0x000002873ee6ac50 JavaThread "Service Thread" daemon [_thread_blocked, id=25624, stack(0x0000009014100000,0x0000009014200000)]
  0x000002873ee6b590 JavaThread "Monitor Deflation Thread" daemon [_thread_blocked, id=26860, stack(0x0000009014200000,0x0000009014300000)]
  0x000002873ee6c200 JavaThread "C2 CompilerThread0" daemon [_thread_in_native, id=14028, stack(0x0000009014300000,0x0000009014400000)]
  0x000002873ee6f7a0 JavaThread "C1 CompilerThread0" daemon [_thread_blocked, id=29080, stack(0x0000009014400000,0x0000009014500000)]
  0x000002873ee2db80 JavaThread "Common-Cleaner" daemon [_thread_blocked, id=29204, stack(0x0000009014500000,0x0000009014600000)]
  0x00000287842c0f10 JavaThread "JDWP Transport Listener: dt_socket" daemon [_thread_blocked, id=26088, stack(0x0000009014600000,0x0000009014700000)]
  0x0000028784211070 JavaThread "JDWP Event Helper Thread" daemon [_thread_blocked, id=24416, stack(0x0000009014700000,0x0000009014800000)]
  0x00000287842115d0 JavaThread "JDWP Command Reader" daemon [_thread_in_native, id=11912, stack(0x0000009014800000,0x0000009014900000)]
  0x000002878428c130 JavaThread "IntelliJ Suspend Helper" daemon [_thread_blocked, id=5460, stack(0x0000009014900000,0x0000009014a00000)]
  0x000002878433b0c0 JavaThread "Notification Thread" daemon [_thread_blocked, id=2912, stack(0x0000009014a00000,0x0000009014b00000)]
  0x0000028784c1e960 JavaThread "Thread-0" [_thread_blocked, id=22808, stack(0x0000009015500000,0x0000009015600000)]
  0x0000028784219360 JavaThread "restartedMain" [_thread_in_vm, id=24592, stack(0x0000009015600000,0x0000009015700000)]
  0x0000028789d72ac0 JavaThread "mysql-cj-abandoned-connection-cleanup" daemon [_thread_blocked, id=26500, stack(0x0000009015700000,0x0000009015800000)]
  0x0000028789d74550 JavaThread "PostgreSQL-JDBC-Cleaner" daemon [_thread_blocked, id=4552, stack(0x0000009015b00000,0x0000009015c00000)]
  0x0000028789d75540 JavaThread "HikariPool-1 housekeeper" daemon [_thread_blocked, id=23772, stack(0x0000009015c00000,0x0000009015d00000)]
=>0x000002878a7deb70 JavaThread "C2 CompilerThread1" daemon [_thread_in_native, id=27012, stack(0x0000009013400000,0x0000009013500000)]
  0x000002878aff3510 JavaThread "Catalina-utility-1" [_thread_blocked, id=27864, stack(0x0000009015e00000,0x0000009015f00000)]
  0x000002878aff54f0 JavaThread "Catalina-utility-2" [_thread_blocked, id=15916, stack(0x0000009015f00000,0x0000009016000000)]
  0x000002878aff4a50 JavaThread "container-0" [_thread_blocked, id=15484, stack(0x0000009016000000,0x0000009016100000)]

Other Threads:
  0x000002873ee412e0 VMThread "VM Thread" [stack: 0x0000009013c00000,0x0000009013d00000] [id=25828]
  0x00000287843380d0 WatcherThread "VM Periodic Task Thread" [stack: 0x0000009014b00000,0x0000009014c00000] [id=23764]
  0x0000028722c203b0 WorkerThread "GC Thread#0" [stack: 0x0000009013700000,0x0000009013800000] [id=29640]
  0x0000028784feb700 WorkerThread "GC Thread#1" [stack: 0x0000009014c00000,0x0000009014d00000] [id=21752]
  0x0000028784b5bd10 WorkerThread "GC Thread#2" [stack: 0x0000009014d00000,0x0000009014e00000] [id=22140]
  0x0000028784b5ac30 WorkerThread "GC Thread#3" [stack: 0x0000009014e00000,0x0000009014f00000] [id=23488]
  0x0000028784b5a0f0 WorkerThread "GC Thread#4" [stack: 0x0000009014f00000,0x0000009015000000] [id=23060]
  0x0000028784b5b1d0 WorkerThread "GC Thread#5" [stack: 0x0000009015000000,0x0000009015100000] [id=27460]
  0x0000028784b5b770 WorkerThread "GC Thread#6" [stack: 0x0000009015100000,0x0000009015200000] [id=18480]
  0x0000028784b5b4a0 WorkerThread "GC Thread#7" [stack: 0x0000009015200000,0x0000009015300000] [id=28636]
  0x0000028784b5a3c0 WorkerThread "GC Thread#8" [stack: 0x0000009015300000,0x0000009015400000] [id=25268]
  0x0000028784b5ba40 WorkerThread "GC Thread#9" [stack: 0x0000009015400000,0x0000009015500000] [id=24752]
  0x0000028722c2ce00 ConcurrentGCThread "G1 Main Marker" [stack: 0x0000009013800000,0x0000009013900000] [id=3016]
  0x0000028722c2f6b0 WorkerThread "G1 Conc#0" [stack: 0x0000009013900000,0x0000009013a00000] [id=26116]
  0x00000287851f2eb0 WorkerThread "G1 Conc#1" [stack: 0x0000009015800000,0x0000009015900000] [id=27792]
  0x00000287851f1dd0 WorkerThread "G1 Conc#2" [stack: 0x0000009015900000,0x0000009015a00000] [id=26804]
  0x0000028722c7e500 ConcurrentGCThread "G1 Refine#0" [stack: 0x0000009013a00000,0x0000009013b00000] [id=14392]
  0x000002873ed02110 ConcurrentGCThread "G1 Service" [stack: 0x0000009013b00000,0x0000009013c00000] [id=25360]

Threads with active compile tasks:
C2 CompilerThread0    66184 7126       4       java.net.URLStreamHandler::parseURL (1124 bytes)
C2 CompilerThread1    66184 7123       4       org.springframework.aop.support.AopUtils::canApply (210 bytes)

VM state: not at safepoint (normal execution)

VM Mutex/Monitor currently owned by a thread: None

Heap address: 0x00000000a2600000, size: 1498 MB, Compressed Oops mode: 32-bit

CDS archive(s) mapped at: [0x000002873f000000-0x000002873fc60000-0x000002873fc60000), size 12976128, SharedBaseAddress: 0x000002873f000000, ArchiveRelocationMode: 1.
Compressed class space mapped at: 0x0000028740000000-0x0000028780000000, reserved size: 1073741824
Narrow klass base: 0x000002873f000000, Narrow klass shift: 0, Narrow klass range: 0x100000000

GC Precious Log:
 CardTable entry size: 512
 Card Set container configuration: InlinePtr #cards 5 size 8 Array Of Cards #cards 12 size 40 Howl #buckets 4 coarsen threshold 1843 Howl Bitmap #cards 512 size 80 coarsen threshold 460 Card regions per heap region 1 cards per card region 2048
 CPUs: 12 total, 12 available
 Memory: 5989M
 Large Page Support: Disabled
 NUMA Support: Disabled
 Compressed Oops: Enabled (32-bit)
 Heap Region Size: 1M
 Heap Min Capacity: 8M
 Heap Initial Capacity: 94M
 Heap Max Capacity: 1498M
 Pre-touch: Disabled
 Parallel Workers: 10
 Concurrent Workers: 3
 Concurrent Refinement Workers: 10
 Periodic GC: Disabled

Heap:
 garbage-first heap   total 71680K, used 57433K [0x00000000a2600000, 0x0000000100000000)
  region size 1024K, 31 young (31744K), 5 survivors (5120K)
 Metaspace       used 74074K, committed 74816K, reserved 1114112K
  class space    used 9635K, committed 9984K, reserved 1048576K

Heap Regions: E=young(eden), S=young(survivor), O=old, HS=humongous(starts), HC=humongous(continues), CS=collection set, F=free, OA=open archive, CA=closed archive, TAMS=top-at-mark-start, PB=parsable bottom
|   0|0x00000000a2600000, 0x00000000a2700000, 0x00000000a2700000|100%|HS|  |TAMS 0x00000000a2600000| PB 0x00000000a2600000| Complete 
|   1|0x00000000a2700000, 0x00000000a2800000, 0x00000000a2800000|100%|HS|  |TAMS 0x00000000a2700000| PB 0x00000000a2700000| Complete 
|   2|0x00000000a2800000, 0x00000000a2900000, 0x00000000a2900000|100%| O|  |TAMS 0x00000000a2800000| PB 0x00000000a2800000| Untracked 
|   3|0x00000000a2900000, 0x00000000a2a00000, 0x00000000a2a00000|100%| O|  |TAMS 0x00000000a2900000| PB 0x00000000a2900000| Untracked 
|   4|0x00000000a2a00000, 0x00000000a2b00000, 0x00000000a2b00000|100%| O|  |TAMS 0x00000000a2a00000| PB 0x00000000a2a00000| Untracked 
|   5|0x00000000a2b00000, 0x00000000a2c00000, 0x00000000a2c00000|100%| O|  |TAMS 0x00000000a2b00000| PB 0x00000000a2b00000| Untracked 
|   6|0x00000000a2c00000, 0x00000000a2d00000, 0x00000000a2d00000|100%| O|  |TAMS 0x00000000a2c00000| PB 0x00000000a2c00000| Untracked 
|   7|0x00000000a2d00000, 0x00000000a2e00000, 0x00000000a2e00000|100%| O|  |TAMS 0x00000000a2d00000| PB 0x00000000a2d00000| Untracked 
|   8|0x00000000a2e00000, 0x00000000a2f00000, 0x00000000a2f00000|100%| O|  |TAMS 0x00000000a2e00000| PB 0x00000000a2e00000| Untracked 
|   9|0x00000000a2f00000, 0x00000000a3000000, 0x00000000a3000000|100%| O|  |TAMS 0x00000000a2f00000| PB 0x00000000a2f00000| Untracked 
|  10|0x00000000a3000000, 0x00000000a3100000, 0x00000000a3100000|100%| O|  |TAMS 0x00000000a3000000| PB 0x00000000a3000000| Untracked 
|  11|0x00000000a3100000, 0x00000000a3200000, 0x00000000a3200000|100%| O|  |TAMS 0x00000000a3100000| PB 0x00000000a3100000| Untracked 
|  12|0x00000000a3200000, 0x00000000a3300000, 0x00000000a3300000|100%| O|  |TAMS 0x00000000a3200000| PB 0x00000000a3200000| Untracked 
|  13|0x00000000a3300000, 0x00000000a3400000, 0x00000000a3400000|100%| O|  |TAMS 0x00000000a3300000| PB 0x00000000a3300000| Untracked 
|  14|0x00000000a3400000, 0x00000000a3500000, 0x00000000a3500000|100%| O|  |TAMS 0x00000000a3400000| PB 0x00000000a3400000| Untracked 
|  15|0x00000000a3500000, 0x00000000a3600000, 0x00000000a3600000|100%| O|  |TAMS 0x00000000a3500000| PB 0x00000000a3500000| Untracked 
|  16|0x00000000a3600000, 0x00000000a3700000, 0x00000000a3700000|100%| O|  |TAMS 0x00000000a3600000| PB 0x00000000a3600000| Untracked 
|  17|0x00000000a3700000, 0x00000000a3800000, 0x00000000a3800000|100%| O|  |TAMS 0x00000000a3700000| PB 0x00000000a3700000| Untracked 
|  18|0x00000000a3800000, 0x00000000a3900000, 0x00000000a3900000|100%| O|  |TAMS 0x00000000a3800000| PB 0x00000000a3800000| Untracked 
|  19|0x00000000a3900000, 0x00000000a3a00000, 0x00000000a3a00000|100%| O|  |TAMS 0x00000000a3900000| PB 0x00000000a3900000| Untracked 
|  20|0x00000000a3a00000, 0x00000000a3b00000, 0x00000000a3b00000|100%| O|  |TAMS 0x00000000a3a00000| PB 0x00000000a3a00000| Untracked 
|  21|0x00000000a3b00000, 0x00000000a3c00000, 0x00000000a3c00000|100%| O|  |TAMS 0x00000000a3b00000| PB 0x00000000a3b00000| Untracked 
|  22|0x00000000a3c00000, 0x00000000a3d00000, 0x00000000a3d00000|100%| O|  |TAMS 0x00000000a3c00000| PB 0x00000000a3c00000| Untracked 
|  23|0x00000000a3d00000, 0x00000000a3e00000, 0x00000000a3e00000|100%| O|  |TAMS 0x00000000a3d00000| PB 0x00000000a3d00000| Untracked 
|  24|0x00000000a3e00000, 0x00000000a3e8d400, 0x00000000a3f00000| 55%| O|  |TAMS 0x00000000a3e00000| PB 0x00000000a3e00000| Untracked 
|  25|0x00000000a3f00000, 0x00000000a3f00000, 0x00000000a4000000|  0%| F|  |TAMS 0x00000000a3f00000| PB 0x00000000a3f00000| Untracked 
|  26|0x00000000a4000000, 0x00000000a4000000, 0x00000000a4100000|  0%| F|  |TAMS 0x00000000a4000000| PB 0x00000000a4000000| Untracked 
|  27|0x00000000a4100000, 0x00000000a4100000, 0x00000000a4200000|  0%| F|  |TAMS 0x00000000a4100000| PB 0x00000000a4100000| Untracked 
|  28|0x00000000a4200000, 0x00000000a4200000, 0x00000000a4300000|  0%| F|  |TAMS 0x00000000a4200000| PB 0x00000000a4200000| Untracked 
|  29|0x00000000a4300000, 0x00000000a4389088, 0x00000000a4400000| 53%| S|CS|TAMS 0x00000000a4300000| PB 0x00000000a4300000| Complete 
|  30|0x00000000a4400000, 0x00000000a4400000, 0x00000000a4500000|  0%| F|  |TAMS 0x00000000a4400000| PB 0x00000000a4400000| Untracked 
|  31|0x00000000a4500000, 0x00000000a4500000, 0x00000000a4600000|  0%| F|  |TAMS 0x00000000a4500000| PB 0x00000000a4500000| Untracked 
|  32|0x00000000a4600000, 0x00000000a4600000, 0x00000000a4700000|  0%| F|  |TAMS 0x00000000a4600000| PB 0x00000000a4600000| Untracked 
|  33|0x00000000a4700000, 0x00000000a4800000, 0x00000000a4800000|100%| S|CS|TAMS 0x00000000a4700000| PB 0x00000000a4700000| Complete 
|  34|0x00000000a4800000, 0x00000000a4900000, 0x00000000a4900000|100%| S|CS|TAMS 0x00000000a4800000| PB 0x00000000a4800000| Complete 
|  35|0x00000000a4900000, 0x00000000a4a00000, 0x00000000a4a00000|100%| S|CS|TAMS 0x00000000a4900000| PB 0x00000000a4900000| Complete 
|  36|0x00000000a4a00000, 0x00000000a4b00000, 0x00000000a4b00000|100%| S|CS|TAMS 0x00000000a4a00000| PB 0x00000000a4a00000| Complete 
|  37|0x00000000a4b00000, 0x00000000a4b00000, 0x00000000a4c00000|  0%| F|  |TAMS 0x00000000a4b00000| PB 0x00000000a4b00000| Untracked 
|  38|0x00000000a4c00000, 0x00000000a4c00000, 0x00000000a4d00000|  0%| F|  |TAMS 0x00000000a4c00000| PB 0x00000000a4c00000| Untracked 
|  39|0x00000000a4d00000, 0x00000000a4d00000, 0x00000000a4e00000|  0%| F|  |TAMS 0x00000000a4d00000| PB 0x00000000a4d00000| Untracked 
|  40|0x00000000a4e00000, 0x00000000a4e00000, 0x00000000a4f00000|  0%| F|  |TAMS 0x00000000a4e00000| PB 0x00000000a4e00000| Untracked 
|  41|0x00000000a4f00000, 0x00000000a4f00000, 0x00000000a5000000|  0%| F|  |TAMS 0x00000000a4f00000| PB 0x00000000a4f00000| Untracked 
|  42|0x00000000a5000000, 0x00000000a5080810, 0x00000000a5100000| 50%| E|  |TAMS 0x00000000a5000000| PB 0x00000000a5000000| Complete 
|  43|0x00000000a5100000, 0x00000000a5200000, 0x00000000a5200000|100%| E|CS|TAMS 0x00000000a5100000| PB 0x00000000a5100000| Complete 
|  44|0x00000000a5200000, 0x00000000a5300000, 0x00000000a5300000|100%| E|CS|TAMS 0x00000000a5200000| PB 0x00000000a5200000| Complete 
|  45|0x00000000a5300000, 0x00000000a5400000, 0x00000000a5400000|100%| E|CS|TAMS 0x00000000a5300000| PB 0x00000000a5300000| Complete 
|  46|0x00000000a5400000, 0x00000000a5500000, 0x00000000a5500000|100%| E|CS|TAMS 0x00000000a5400000| PB 0x00000000a5400000| Complete 
|  47|0x00000000a5500000, 0x00000000a5600000, 0x00000000a5600000|100%| E|CS|TAMS 0x00000000a5500000| PB 0x00000000a5500000| Complete 
|  48|0x00000000a5600000, 0x00000000a5700000, 0x00000000a5700000|100%| E|CS|TAMS 0x00000000a5600000| PB 0x00000000a5600000| Complete 
|  49|0x00000000a5700000, 0x00000000a5800000, 0x00000000a5800000|100%| E|CS|TAMS 0x00000000a5700000| PB 0x00000000a5700000| Complete 
|  50|0x00000000a5800000, 0x00000000a5900000, 0x00000000a5900000|100%| E|CS|TAMS 0x00000000a5800000| PB 0x00000000a5800000| Complete 
|  51|0x00000000a5900000, 0x00000000a5a00000, 0x00000000a5a00000|100%| E|CS|TAMS 0x00000000a5900000| PB 0x00000000a5900000| Complete 
|  52|0x00000000a5a00000, 0x00000000a5b00000, 0x00000000a5b00000|100%| E|CS|TAMS 0x00000000a5a00000| PB 0x00000000a5a00000| Complete 
|  53|0x00000000a5b00000, 0x00000000a5c00000, 0x00000000a5c00000|100%| E|CS|TAMS 0x00000000a5b00000| PB 0x00000000a5b00000| Complete 
|  54|0x00000000a5c00000, 0x00000000a5d00000, 0x00000000a5d00000|100%| E|CS|TAMS 0x00000000a5c00000| PB 0x00000000a5c00000| Complete 
|  55|0x00000000a5d00000, 0x00000000a5e00000, 0x00000000a5e00000|100%| E|CS|TAMS 0x00000000a5d00000| PB 0x00000000a5d00000| Complete 
|  56|0x00000000a5e00000, 0x00000000a5f00000, 0x00000000a5f00000|100%| E|CS|TAMS 0x00000000a5e00000| PB 0x00000000a5e00000| Complete 
|  57|0x00000000a5f00000, 0x00000000a6000000, 0x00000000a6000000|100%| E|CS|TAMS 0x00000000a5f00000| PB 0x00000000a5f00000| Complete 
|  58|0x00000000a6000000, 0x00000000a6100000, 0x00000000a6100000|100%| E|CS|TAMS 0x00000000a6000000| PB 0x00000000a6000000| Complete 
|  59|0x00000000a6100000, 0x00000000a6200000, 0x00000000a6200000|100%| E|CS|TAMS 0x00000000a6100000| PB 0x00000000a6100000| Complete 
|  60|0x00000000a6200000, 0x00000000a6300000, 0x00000000a6300000|100%| E|CS|TAMS 0x00000000a6200000| PB 0x00000000a6200000| Complete 
|  61|0x00000000a6300000, 0x00000000a6400000, 0x00000000a6400000|100%| E|CS|TAMS 0x00000000a6300000| PB 0x00000000a6300000| Complete 
|  62|0x00000000a6400000, 0x00000000a6500000, 0x00000000a6500000|100%| E|CS|TAMS 0x00000000a6400000| PB 0x00000000a6400000| Complete 
|  63|0x00000000a6500000, 0x00000000a6600000, 0x00000000a6600000|100%| E|CS|TAMS 0x00000000a6500000| PB 0x00000000a6500000| Complete 
|  64|0x00000000a6600000, 0x00000000a6700000, 0x00000000a6700000|100%| E|CS|TAMS 0x00000000a6600000| PB 0x00000000a6600000| Complete 
|  65|0x00000000a6700000, 0x00000000a6800000, 0x00000000a6800000|100%| E|CS|TAMS 0x00000000a6700000| PB 0x00000000a6700000| Complete 
|  66|0x00000000a6800000, 0x00000000a6900000, 0x00000000a6900000|100%| E|CS|TAMS 0x00000000a6800000| PB 0x00000000a6800000| Complete 
|  93|0x00000000a8300000, 0x00000000a8400000, 0x00000000a8400000|100%| E|CS|TAMS 0x00000000a8300000| PB 0x00000000a8300000| Complete 
|1496|0x00000000ffe00000, 0x00000000fff00000, 0x00000000fff00000|100%| O|  |TAMS 0x00000000ffe00000| PB 0x00000000ffe00000| Untracked 
|1497|0x00000000fff00000, 0x0000000100000000, 0x0000000100000000|100%| O|  |TAMS 0x00000000fff00000| PB 0x00000000fff00000| Untracked 

Card table byte_map: [0x000002873a4d0000,0x000002873a7c0000] _byte_map_base: 0x0000028739fbd000

Marking Bits: (CMBitMap*) 0x0000028722c209e0
 Bits: [0x000002873aab0000, 0x000002873c218000)

Polling page: 0x0000028720b00000

Metaspace:

Usage:
  Non-class:     62.93 MB used.
      Class:      9.41 MB used.
       Both:     72.34 MB used.

Virtual space:
  Non-class space:       64.00 MB reserved,      63.31 MB ( 99%) committed,  1 nodes.
      Class space:        1.00 GB reserved,       9.75 MB ( <1%) committed,  1 nodes.
             Both:        1.06 GB reserved,      73.06 MB (  7%) committed. 

Chunk freelists:
   Non-Class:  714.00 KB
       Class:  2.17 MB
        Both:  2.86 MB

MaxMetaspaceSize: unlimited
CompressedClassSpaceSize: 1.00 GB
Initial GC threshold: 21.00 MB
Current GC threshold: 97.94 MB
CDS: on
MetaspaceReclaimPolicy: balanced
 - commit_granule_bytes: 65536.
 - commit_granule_words: 8192.
 - virtual_space_node_default_size: 8388608.
 - enlarge_chunks_in_place: 1.
 - new_chunks_are_fully_committed: 0.
 - uncommit_free_chunks: 1.
 - use_allocation_guard: 0.


Internal statistics:

num_allocs_failed_limit: 9.
num_arena_births: 1004.
num_arena_deaths: 0.
num_vsnodes_births: 2.
num_vsnodes_deaths: 0.
num_space_committed: 1169.
num_space_uncommitted: 0.
num_chunks_returned_to_freelist: 9.
num_chunks_taken_from_freelist: 3556.
num_chunk_merges: 9.
num_chunk_splits: 2549.
num_chunks_enlarged: 1987.
num_inconsistent_stats: 0.

CodeHeap 'non-profiled nmethods': size=120000Kb used=4516Kb max_used=4516Kb free=115483Kb
 bounds [0x0000028732760000, 0x0000028732bd0000, 0x0000028739c90000]
CodeHeap 'profiled nmethods': size=120000Kb used=13254Kb max_used=13254Kb free=106746Kb
 bounds [0x000002872ac90000, 0x000002872b990000, 0x00000287321c0000]
CodeHeap 'non-nmethods': size=5760Kb used=1791Kb max_used=1849Kb free=3968Kb
 bounds [0x00000287321c0000, 0x0000028732430000, 0x0000028732760000]
 total_blobs=7187 nmethods=6482 adapters=614
 compilation: enabled
              stopped_count=0, restarted_count=0
 full_count=0

Compilation events (20 events):
Event: 65.018 Thread 0x000002873ee6f7a0 7134       3       org.springframework.util.ClassUtils::getUserClass (15 bytes)
Event: 65.019 Thread 0x000002873ee6f7a0 nmethod 7134 0x000002872b97c990 code [0x000002872b97cba0, 0x000002872b97d1e0]
Event: 65.021 Thread 0x000002873ee6f7a0 7135       3       org.springframework.beans.PropertyEditorRegistrySupport::useConfigValueEditors (6 bytes)
Event: 65.021 Thread 0x000002873ee6f7a0 nmethod 7135 0x000002872b97d490 code [0x000002872b97d620, 0x000002872b97d730]
Event: 65.021 Thread 0x000002873ee6f7a0 7136       3       org.springframework.beans.factory.support.AbstractBeanFactory$BeanFactoryDefaultEditorRegistrar::<init> (10 bytes)
Event: 65.022 Thread 0x000002873ee6f7a0 nmethod 7136 0x000002872b97d810 code [0x000002872b97d9a0, 0x000002872b97db68]
Event: 65.039 Thread 0x000002873ee6f7a0 7137       3       jdk.proxy2.$Proxy41::<init> (6 bytes)
Event: 65.040 Thread 0x000002873ee6f7a0 nmethod 7137 0x000002872b97dc10 code [0x000002872b97ddc0, 0x000002872b97e150]
Event: 65.046 Thread 0x000002873ee6f7a0 7138       3       jdk.proxy1.$Proxy0::<init> (6 bytes)
Event: 65.047 Thread 0x000002873ee6f7a0 nmethod 7138 0x000002872b97e310 code [0x000002872b97e4c0, 0x000002872b97e850]
Event: 65.063 Thread 0x000002873ee6f7a0 7140       3       org.springframework.beans.factory.support.AbstractBeanFactory::registerCustomEditors (113 bytes)
Event: 65.066 Thread 0x000002873ee6f7a0 nmethod 7140 0x000002872b97ea10 code [0x000002872b97ec60, 0x000002872b97f920]
Event: 65.067 Thread 0x000002873ee6c200 nmethod 7125 0x0000028732bc5410 code [0x0000028732bc56e0, 0x0000028732bc7580]
Event: 65.068 Thread 0x000002873ee6f7a0 7141       3       org.springframework.core.convert.support.GenericConversionService::getRequiredTypeInfo (57 bytes)
Event: 65.068 Thread 0x000002873ee6c200 7139       4       java.lang.ClassLoader::createOrGetClassLoaderValueMap (37 bytes)
Event: 65.069 Thread 0x000002873ee6f7a0 nmethod 7141 0x000002872b97fc90 code [0x000002872b97fe80, 0x000002872b9804c8]
Event: 65.072 Thread 0x000002873ee6f7a0 7142       3       org.springframework.core.convert.support.GenericConversionService::addConverter (84 bytes)
Event: 65.073 Thread 0x000002873ee6c200 nmethod 7139 0x0000028732bc8d90 code [0x0000028732bc8f20, 0x0000028732bc9070]
Event: 65.074 Thread 0x000002873ee6f7a0 nmethod 7142 0x000002872b980710 code [0x000002872b980960, 0x000002872b9812f8]
Event: 65.074 Thread 0x000002873ee6c200 7126       4       java.net.URLStreamHandler::parseURL (1124 bytes)

GC Heap History (20 events):
Event: 27.582 GC heap before
{Heap before GC invocations=6 (full 0):
 garbage-first heap   total 59392K, used 46128K [0x00000000a2600000, 0x0000000100000000)
  region size 1024K, 32 young (32768K), 3 survivors (3072K)
 Metaspace       used 33335K, committed 33792K, reserved 1114112K
  class space    used 3969K, committed 4160K, reserved 1048576K
}
Event: 27.591 GC heap after
{Heap after GC invocations=7 (full 0):
 garbage-first heap   total 59392K, used 19340K [0x00000000a2600000, 0x0000000100000000)
  region size 1024K, 4 young (4096K), 4 survivors (4096K)
 Metaspace       used 33335K, committed 33792K, reserved 1114112K
  class space    used 3969K, committed 4160K, reserved 1048576K
}
Event: 28.888 GC heap before
{Heap before GC invocations=7 (full 0):
 garbage-first heap   total 59392K, used 29580K [0x00000000a2600000, 0x0000000100000000)
  region size 1024K, 15 young (15360K), 4 survivors (4096K)
 Metaspace       used 35535K, committed 35968K, reserved 1114112K
  class space    used 4283K, committed 4480K, reserved 1048576K
}
Event: 28.898 GC heap after
{Heap after GC invocations=8 (full 0):
 garbage-first heap   total 59392K, used 20556K [0x00000000a2600000, 0x0000000100000000)
  region size 1024K, 4 young (4096K), 4 survivors (4096K)
 Metaspace       used 35535K, committed 35968K, reserved 1114112K
  class space    used 4283K, committed 4480K, reserved 1048576K
}
Event: 33.702 GC heap before
{Heap before GC invocations=9 (full 0):
 garbage-first heap   total 59392K, used 46156K [0x00000000a2600000, 0x0000000100000000)
  region size 1024K, 30 young (30720K), 4 survivors (4096K)
 Metaspace       used 39209K, committed 39616K, reserved 1114112K
  class space    used 4748K, committed 4928K, reserved 1048576K
}
Event: 33.900 GC heap after
{Heap after GC invocations=10 (full 0):
 garbage-first heap   total 59392K, used 22508K [0x00000000a2600000, 0x0000000100000000)
  region size 1024K, 4 young (4096K), 4 survivors (4096K)
 Metaspace       used 39209K, committed 39616K, reserved 1114112K
  class space    used 4748K, committed 4928K, reserved 1048576K
}
Event: 40.922 GC heap before
{Heap before GC invocations=10 (full 0):
 garbage-first heap   total 59392K, used 48108K [0x00000000a2600000, 0x0000000100000000)
  region size 1024K, 30 young (30720K), 4 survivors (4096K)
 Metaspace       used 43561K, committed 44096K, reserved 1114112K
  class space    used 5367K, committed 5568K, reserved 1048576K
}
Event: 40.937 GC heap after
{Heap after GC invocations=11 (full 0):
 garbage-first heap   total 59392K, used 23588K [0x00000000a2600000, 0x0000000100000000)
  region size 1024K, 4 young (4096K), 4 survivors (4096K)
 Metaspace       used 43561K, committed 44096K, reserved 1114112K
  class space    used 5367K, committed 5568K, reserved 1048576K
}
Event: 45.118 GC heap before
{Heap before GC invocations=11 (full 0):
 garbage-first heap   total 59392K, used 49188K [0x00000000a2600000, 0x0000000100000000)
  region size 1024K, 30 young (30720K), 4 survivors (4096K)
 Metaspace       used 49939K, committed 50496K, reserved 1114112K
  class space    used 6243K, committed 6464K, reserved 1048576K
}
Event: 45.131 GC heap after
{Heap after GC invocations=12 (full 0):
 garbage-first heap   total 59392K, used 25483K [0x00000000a2600000, 0x0000000100000000)
  region size 1024K, 4 young (4096K), 4 survivors (4096K)
 Metaspace       used 49939K, committed 50496K, reserved 1114112K
  class space    used 6243K, committed 6464K, reserved 1048576K
}
Event: 49.189 GC heap before
{Heap before GC invocations=12 (full 0):
 garbage-first heap   total 59392K, used 49035K [0x00000000a2600000, 0x0000000100000000)
  region size 1024K, 28 young (28672K), 4 survivors (4096K)
 Metaspace       used 54221K, committed 54784K, reserved 1114112K
  class space    used 6802K, committed 7040K, reserved 1048576K
}
Event: 49.210 GC heap after
{Heap after GC invocations=13 (full 0):
 garbage-first heap   total 59392K, used 26867K [0x00000000a2600000, 0x0000000100000000)
  region size 1024K, 4 young (4096K), 4 survivors (4096K)
 Metaspace       used 54221K, committed 54784K, reserved 1114112K
  class space    used 6802K, committed 7040K, reserved 1048576K
}
Event: 53.052 GC heap before
{Heap before GC invocations=13 (full 0):
 garbage-first heap   total 59392K, used 45299K [0x00000000a2600000, 0x0000000100000000)
  region size 1024K, 24 young (24576K), 4 survivors (4096K)
 Metaspace       used 59585K, committed 60096K, reserved 1114112K
  class space    used 7552K, committed 7808K, reserved 1048576K
}
Event: 53.063 GC heap after
{Heap after GC invocations=14 (full 0):
 garbage-first heap   total 59392K, used 27530K [0x00000000a2600000, 0x0000000100000000)
  region size 1024K, 3 young (3072K), 3 survivors (3072K)
 Metaspace       used 59585K, committed 60096K, reserved 1114112K
  class space    used 7552K, committed 7808K, reserved 1048576K
}
Event: 58.176 GC heap before
{Heap before GC invocations=15 (full 0):
 garbage-first heap   total 59392K, used 51082K [0x00000000a2600000, 0x0000000100000000)
  region size 1024K, 26 young (26624K), 3 survivors (3072K)
 Metaspace       used 62311K, committed 62912K, reserved 1114112K
  class space    used 8044K, committed 8320K, reserved 1048576K
}
Event: 58.182 GC heap after
{Heap after GC invocations=16 (full 0):
 garbage-first heap   total 71680K, used 28072K [0x00000000a2600000, 0x0000000100000000)
  region size 1024K, 3 young (3072K), 3 survivors (3072K)
 Metaspace       used 62311K, committed 62912K, reserved 1114112K
  class space    used 8044K, committed 8320K, reserved 1048576K
}
Event: 61.848 GC heap before
{Heap before GC invocations=16 (full 0):
 garbage-first heap   total 71680K, used 63912K [0x00000000a2600000, 0x0000000100000000)
  region size 1024K, 38 young (38912K), 3 survivors (3072K)
 Metaspace       used 69112K, committed 69824K, reserved 1114112K
  class space    used 8977K, committed 9344K, reserved 1048576K
}
Event: 61.860 GC heap after
{Heap after GC invocations=17 (full 0):
 garbage-first heap   total 71680K, used 29827K [0x00000000a2600000, 0x0000000100000000)
  region size 1024K, 5 young (5120K), 5 survivors (5120K)
 Metaspace       used 69112K, committed 69824K, reserved 1114112K
  class space    used 8977K, committed 9344K, reserved 1048576K
}
Event: 63.747 GC heap before
{Heap before GC invocations=17 (full 0):
 garbage-first heap   total 71680K, used 61571K [0x00000000a2600000, 0x0000000100000000)
  region size 1024K, 36 young (36864K), 5 survivors (5120K)
 Metaspace       used 71830K, committed 72512K, reserved 1114112K
  class space    used 9344K, committed 9664K, reserved 1048576K
}
Event: 63.758 GC heap after
{Heap after GC invocations=18 (full 0):
 garbage-first heap   total 71680K, used 31833K [0x00000000a2600000, 0x0000000100000000)
  region size 1024K, 5 young (5120K), 5 survivors (5120K)
 Metaspace       used 71830K, committed 72512K, reserved 1114112K
  class space    used 9344K, committed 9664K, reserved 1048576K
}

Dll operation events (13 events):
Event: 0.103 Loaded shared library C:\Program Files\Java\jdk-20\bin\java.dll
Event: 0.112 Loaded shared library C:\Program Files\Java\jdk-20\bin\zip.dll
Event: 0.301 Loaded shared library C:\Program Files\Java\jdk-20\bin\jsvml.dll
Event: 1.800 Loaded shared library C:\Program Files\Java\jdk-20\bin\instrument.dll
Event: 2.417 Loaded shared library C:\Program Files\Java\jdk-20\bin\net.dll
Event: 2.422 Loaded shared library C:\Program Files\Java\jdk-20\bin\nio.dll
Event: 2.537 Loaded shared library C:\Program Files\Java\jdk-20\bin\zip.dll
Event: 3.596 Loaded shared library C:\Program Files\Java\jdk-20\bin\jimage.dll
Event: 7.258 Loaded shared library C:\Program Files\Java\jdk-20\bin\management.dll
Event: 7.309 Loaded shared library C:\Program Files\Java\jdk-20\bin\management_ext.dll
Event: 15.760 Loaded shared library C:\Program Files\Java\jdk-20\bin\sunmscapi.dll
Event: 41.118 Loaded shared library C:\Program Files\Java\jdk-20\bin\verify.dll
Event: 43.101 Loaded shared library C:\Program Files\Java\jdk-20\bin\extnet.dll

Deoptimization events (20 events):
Event: 64.966 Thread 0x0000028784219360 DEOPT PACKING pc=0x000002872b23cb6c sp=0x00000090156fc400
Event: 64.966 Thread 0x0000028784219360 DEOPT UNPACKING pc=0x000002873222a4c2 sp=0x00000090156fb9a0 mode 1
Event: 64.966 Thread 0x0000028784219360 DEOPT PACKING pc=0x000002872b244711 sp=0x00000090156fc390
Event: 64.966 Thread 0x0000028784219360 DEOPT UNPACKING pc=0x000002873222a4c2 sp=0x00000090156fb868 mode 1
Event: 64.966 Thread 0x0000028784219360 DEOPT PACKING pc=0x000002872b2fef14 sp=0x00000090156fc420
Event: 64.966 Thread 0x0000028784219360 DEOPT UNPACKING pc=0x000002873222a4c2 sp=0x00000090156fb9d0 mode 1
Event: 64.966 Thread 0x0000028784219360 DEOPT PACKING pc=0x000002872b23cb6c sp=0x00000090156fc590
Event: 64.966 Thread 0x0000028784219360 DEOPT UNPACKING pc=0x000002873222a4c2 sp=0x00000090156fbb30 mode 1
Event: 65.013 Thread 0x0000028784219360 DEOPT PACKING pc=0x000002872b155774 sp=0x00000090156fcd30
Event: 65.013 Thread 0x0000028784219360 DEOPT UNPACKING pc=0x000002873222a4c2 sp=0x00000090156fc298 mode 1
Event: 65.014 Thread 0x0000028784219360 DEOPT PACKING pc=0x000002872b155774 sp=0x00000090156fcd30
Event: 65.014 Thread 0x0000028784219360 DEOPT UNPACKING pc=0x000002873222a4c2 sp=0x00000090156fc298 mode 1
Event: 65.053 Thread 0x0000028784219360 Uncommon trap: trap_request=0xffffffc6 fr.pc=0x000002873292d4a4 relative=0x00000000000028e4
Event: 65.053 Thread 0x0000028784219360 Uncommon trap: reason=bimorphic_or_optimized_type_check action=maybe_recompile pc=0x000002873292d4a4 method=org.springframework.core.annotation.TypeMappedAnnotation.getValue(IZZ)Ljava/lang/Object; @ 121 c2
Event: 65.053 Thread 0x0000028784219360 DEOPT PACKING pc=0x000002873292d4a4 sp=0x00000090156fb930
Event: 65.054 Thread 0x0000028784219360 DEOPT UNPACKING pc=0x0000028732229d22 sp=0x00000090156fb9b8 mode 2
Event: 65.062 Thread 0x0000028784219360 Uncommon trap: trap_request=0xffffffc6 fr.pc=0x000002873292d4a4 relative=0x00000000000028e4
Event: 65.062 Thread 0x0000028784219360 Uncommon trap: reason=bimorphic_or_optimized_type_check action=maybe_recompile pc=0x000002873292d4a4 method=org.springframework.core.annotation.TypeMappedAnnotation.getValue(IZZ)Ljava/lang/Object; @ 121 c2
Event: 65.062 Thread 0x0000028784219360 DEOPT PACKING pc=0x000002873292d4a4 sp=0x00000090156fb930
Event: 65.062 Thread 0x0000028784219360 DEOPT UNPACKING pc=0x0000028732229d22 sp=0x00000090156fb9b8 mode 2

Classes loaded (20 events):
Event: 65.049 Loading class org/springframework/core/annotation/ValueExtractor
Event: 65.049 Loading class org/springframework/core/annotation/ValueExtractor done
Event: 65.050 Loading class org/springframework/core/annotation/MergedAnnotation
Event: 65.050 Loading class org/springframework/core/annotation/MergedAnnotation done
Event: 65.050 Loading class org/springframework/core/annotation/MergedAnnotation
Event: 65.050 Loading class org/springframework/core/annotation/MergedAnnotation done
Event: 65.073 Loading class org/springframework/data/geo/format/DistanceFormatter
Event: 65.073 Loading class org/springframework/data/geo/format/DistanceFormatter done
Event: 65.075 Loading class org/springframework/data/geo/Metric
Event: 65.075 Loading class org/springframework/data/geo/Metric done
Event: 65.077 Loading class org/springframework/data/geo/Metrics
Event: 65.077 Loading class org/springframework/data/geo/Metrics done
Event: 65.081 Loading class org/springframework/data/geo/Distance
Event: 65.081 Loading class org/springframework/data/geo/Distance done
Event: 65.083 Loading class org/springframework/data/geo/format/PointFormatter
Event: 65.083 Loading class org/springframework/data/geo/format/PointFormatter done
Event: 65.091 Loading class org/springframework/data/geo/Point
Event: 65.091 Loading class org/springframework/data/geo/Point done
Event: 65.094 Loading class org/springframework/data/repository/support/DomainClassConverter
Event: 65.094 Loading class org/springframework/data/repository/support/DomainClassConverter done

Classes unloaded (0 events):
No events

Classes redefined (1 events):
Event: 2.120 Thread 0x000002873ee412e0 redefined class name=java.lang.Throwable, count=1

Internal exceptions (20 events):
Event: 58.757 Thread 0x0000028784219360 Exception <a 'java/lang/NoSuchMethodError'{0x00000000a5f52808}: 'java.lang.Object java.lang.invoke.DirectMethodHandle$Holder.newInvokeSpecial(java.lang.Object, java.lang.Object, java.lang.Object, java.lang.Object, java.lang.Object, java.lang.Object, java.lang.Object, int)'> (0x00000000a5f52808) 
thrown [s\open\src\hotspot\share\interpreter\linkResolver.cpp, line 773]
Event: 58.758 Thread 0x0000028784219360 Exception <a 'java/lang/NoSuchMethodError'{0x00000000a5f575d8}: 'java.lang.Object java.lang.invoke.DirectMethodHandle$Holder.invokeSpecial(java.lang.Object, java.lang.Object, java.lang.Object, java.lang.Object, java.lang.Object, java.lang.Object, java.lang.Object, java.lang.Object, int)'> (0x00000000a5f575d8) 
thrown [s\open\src\hotspot\share\interpreter\linkResolver.cpp, line 773]
Event: 58.758 Thread 0x0000028784219360 Exception <a 'java/lang/NoSuchMethodError'{0x00000000a5f5be60}: 'java.lang.Object java.lang.invoke.Invokers$Holder.linkToTargetMethod(java.lang.Object, java.lang.Object, java.lang.Object, java.lang.Object, java.lang.Object, java.lang.Object, int, java.lang.Object)'> (0x00000000a5f5be60) 
thrown [s\open\src\hotspot\share\interpreter\linkResolver.cpp, line 773]
Event: 58.820 Thread 0x0000028784219360 Exception <a 'java/lang/NoSuchMethodError'{0x00000000a5ea1e38}: 'java.lang.Object java.lang.invoke.DirectMethodHandle$Holder.newInvokeSpecial(java.lang.Object, java.lang.Object, int, java.lang.Object, int, java.lang.Object, java.lang.Object)'> (0x00000000a5ea1e38) 
thrown [s\open\src\hotspot\share\interpreter\linkResolver.cpp, line 773]
Event: 58.924 Thread 0x0000028784219360 Exception <a 'java/lang/NoSuchMethodError'{0x00000000a5dfd2d8}: 'void java.lang.invoke.DirectMethodHandle$Holder.invokeInterface(java.lang.Object, java.lang.Object)'> (0x00000000a5dfd2d8) 
thrown [s\open\src\hotspot\share\interpreter\linkResolver.cpp, line 773]
Event: 60.887 Thread 0x0000028784219360 Implicit null exception at 0x00000287329f76e1 to 0x00000287329f90b0
Event: 60.930 Thread 0x0000028784219360 Exception <a 'java/lang/IncompatibleClassChangeError'{0x00000000a513e958}: Found class java.lang.Object, but interface was expected> (0x00000000a513e958) 
thrown [s\open\src\hotspot\share\interpreter\linkResolver.cpp, line 840]
Event: 61.035 Thread 0x0000028784219360 Implicit null exception at 0x0000028732ada6b1 to 0x0000028732ada8c4
Event: 61.149 Thread 0x0000028784219360 Exception <a 'java/lang/IncompatibleClassChangeError'{0x00000000a4fa5b90}: Found class java.lang.Object, but interface was expected> (0x00000000a4fa5b90) 
thrown [s\open\src\hotspot\share\interpreter\linkResolver.cpp, line 840]
Event: 61.730 Thread 0x0000028784219360 Exception <a 'java/lang/IncompatibleClassChangeError'{0x00000000a473fd48}: Found class java.lang.Object, but interface was expected> (0x00000000a473fd48) 
thrown [s\open\src\hotspot\share\interpreter\linkResolver.cpp, line 840]
Event: 62.238 Thread 0x0000028784219360 Exception <a 'java/lang/IncompatibleClassChangeError'{0x00000000a678dd70}: Found class java.lang.Object, but interface was expected> (0x00000000a678dd70) 
thrown [s\open\src\hotspot\share\interpreter\linkResolver.cpp, line 840]
Event: 62.240 Thread 0x0000028784219360 Exception <a 'java/lang/IncompatibleClassChangeError'{0x00000000a6794968}: Found class java.lang.Object, but interface was expected> (0x00000000a6794968) 
thrown [s\open\src\hotspot\share\interpreter\linkResolver.cpp, line 840]
Event: 62.663 Thread 0x0000028784219360 Exception <a 'java/lang/NoSuchMethodError'{0x00000000a6166840}: 'long java.lang.invoke.DirectMethodHandle$Holder.invokeVirtual(java.lang.Object, java.lang.Object)'> (0x00000000a6166840) 
thrown [s\open\src\hotspot\share\interpreter\linkResolver.cpp, line 773]
Event: 62.693 Thread 0x0000028784219360 Exception <a 'java/io/FileNotFoundException'{0x00000000a6195f88}> (0x00000000a6195f88) 
thrown [s\open\src\hotspot\share\prims\jni.cpp, line 519]
Event: 62.771 Thread 0x0000028784219360 Exception <a 'java/lang/NoSuchMethodError'{0x00000000a6084388}: 'void java.lang.invoke.Invokers$Holder.invokeExact_MT(java.lang.Object, java.lang.Object, java.lang.Object, java.lang.Object)'> (0x00000000a6084388) 
thrown [s\open\src\hotspot\share\interpreter\linkResolver.cpp, line 773]
Event: 63.304 Thread 0x0000028784219360 Exception <a 'java/io/FileNotFoundException'{0x00000000a50ca068}> (0x00000000a50ca068) 
thrown [s\open\src\hotspot\share\prims\jni.cpp, line 519]
Event: 63.306 Thread 0x0000028784219360 Exception <a 'java/io/FileNotFoundException'{0x00000000a50d41c0}> (0x00000000a50d41c0) 
thrown [s\open\src\hotspot\share\prims\jni.cpp, line 519]
Event: 63.354 Thread 0x0000028784219360 Exception <a 'java/lang/NoSuchMethodError'{0x00000000a4fc85f8}: 'void java.lang.invoke.Invokers$Holder.invokeExact_MT(java.lang.Object, java.lang.Object, int, java.lang.Object)'> (0x00000000a4fc85f8) 
thrown [s\open\src\hotspot\share\interpreter\linkResolver.cpp, line 773]
Event: 63.408 Thread 0x0000028784219360 Exception <a 'java/lang/NoSuchMethodError'{0x00000000a4e32458}: 'int java.lang.invoke.DirectMethodHandle$Holder.invokeStaticInit(java.lang.Object, int, java.lang.Object, java.lang.Object, java.lang.Object, java.lang.Object)'> (0x00000000a4e32458) 
thrown [s\open\src\hotspot\share\interpreter\linkResolver.cpp, line 773]
Event: 64.445 Thread 0x0000028784219360 Exception <a 'java/lang/NoSuchMethodError'{0x00000000a59b4700}: 'java.lang.Object java.lang.invoke.DirectMethodHandle$Holder.invokeVirtual(java.lang.Object, java.lang.Object, java.lang.Object, java.lang.Object, java.lang.Object, java.lang.Object, java.lang.Object)'> (0x00000000a59b4700) 
thrown [s\open\src\hotspot\share\interpreter\linkResolver.cpp, line 773]

VM Operations (20 events):
Event: 61.811 Executing VM operation: HandshakeAllThreads
Event: 61.811 Executing VM operation: HandshakeAllThreads done
Event: 61.837 Executing VM operation: HandshakeAllThreads
Event: 61.837 Executing VM operation: HandshakeAllThreads done
Event: 61.848 Executing VM operation: G1CollectForAllocation
Event: 61.861 Executing VM operation: G1CollectForAllocation done
Event: 62.527 Executing VM operation: HandshakeAllThreads
Event: 62.527 Executing VM operation: HandshakeAllThreads done
Event: 62.529 Executing VM operation: HandshakeAllThreads
Event: 62.529 Executing VM operation: HandshakeAllThreads done
Event: 62.708 Executing VM operation: HandshakeAllThreads
Event: 62.708 Executing VM operation: HandshakeAllThreads done
Event: 63.443 Executing VM operation: ICBufferFull
Event: 63.443 Executing VM operation: ICBufferFull done
Event: 63.746 Executing VM operation: G1CollectForAllocation
Event: 63.758 Executing VM operation: G1CollectForAllocation done
Event: 64.760 Executing VM operation: Cleanup
Event: 64.761 Executing VM operation: Cleanup done
Event: 65.773 Executing VM operation: Cleanup
Event: 65.773 Executing VM operation: Cleanup done

Events (20 events):
Event: 53.117 Thread 0x000002873ee412e0 flushing nmethod 0x0000028732803090
Event: 53.117 Thread 0x000002873ee412e0 flushing nmethod 0x00000287327d0690
Event: 53.117 Thread 0x000002873ee412e0 flushing nmethod 0x0000028732801090
Event: 53.117 Thread 0x000002873ee412e0 flushing nmethod 0x00000287327a7490
Event: 53.117 Thread 0x000002873ee412e0 flushing nmethod 0x00000287327f7110
Event: 53.117 Thread 0x000002873ee412e0 flushing nmethod 0x00000287327dbb10
Event: 53.118 Thread 0x000002873ee412e0 flushing nmethod 0x00000287327d4190
Event: 53.118 Thread 0x000002873ee412e0 flushing nmethod 0x00000287327d3390
Event: 53.118 Thread 0x000002873ee412e0 flushing nmethod 0x00000287327c4990
Event: 53.118 Thread 0x000002873ee412e0 flushing nmethod 0x0000028732774990
Event: 54.882 Thread 0x00000287885f2930 Thread added: 0x00000287885f2930
Event: 55.036 Thread 0x00000287885f2930 Thread exited: 0x00000287885f2930
Event: 57.164 Thread 0x00000287885f2930 Thread added: 0x00000287885f2930
Event: 57.611 Thread 0x00000287885f2930 Thread exited: 0x00000287885f2930
Event: 57.961 Thread 0x00000287885f2930 Thread added: 0x00000287885f2930
Event: 58.329 Thread 0x00000287885f2930 Thread exited: 0x00000287885f2930
Event: 60.860 Thread 0x000002878a7deb70 Thread added: 0x000002878a7deb70
Event: 62.719 Thread 0x000002878aff3510 Thread added: 0x000002878aff3510
Event: 62.723 Thread 0x000002878aff54f0 Thread added: 0x000002878aff54f0
Event: 62.745 Thread 0x000002878aff4a50 Thread added: 0x000002878aff4a50


Dynamic libraries:
0x00007ff754540000 - 0x00007ff754550000 	C:\Program Files\Java\jdk-20\bin\java.exe
0x00007ffb7aac0000 - 0x00007ffb7ad28000 	C:\WINDOWS\SYSTEM32\ntdll.dll
0x00007ffb78ad0000 - 0x00007ffb78b99000 	C:\WINDOWS\System32\KERNEL32.DLL
0x00007ffb77ef0000 - 0x00007ffb782e8000 	C:\WINDOWS\System32\KERNELBASE.dll
0x00007ffb782f0000 - 0x00007ffb7843b000 	C:\WINDOWS\System32\ucrtbase.dll
0x00007ffb6d4b0000 - 0x00007ffb6d4c9000 	C:\Program Files\Java\jdk-20\bin\jli.dll
0x00007ffb7a3c0000 - 0x00007ffb7a474000 	C:\WINDOWS\System32\ADVAPI32.dll
0x00007ffb789d0000 - 0x00007ffb78a79000 	C:\WINDOWS\System32\msvcrt.dll
0x00007ffb78ba0000 - 0x00007ffb78c46000 	C:\WINDOWS\System32\sechost.dll
0x00007ffb7a2a0000 - 0x00007ffb7a3b8000 	C:\WINDOWS\System32\RPCRT4.dll
0x00007ffb6d4d0000 - 0x00007ffb6d4eb000 	C:\Program Files\Java\jdk-20\bin\VCRUNTIME140.dll
0x00007ffb7a050000 - 0x00007ffb7a217000 	C:\WINDOWS\System32\USER32.dll
0x00007ffb78830000 - 0x00007ffb78857000 	C:\WINDOWS\System32\win32u.dll
0x00007ffb79fb0000 - 0x00007ffb79fdb000 	C:\WINDOWS\System32\GDI32.dll
0x00007ffb784f0000 - 0x00007ffb7861c000 	C:\WINDOWS\System32\gdi32full.dll
0x00007ffb78440000 - 0x00007ffb784e3000 	C:\WINDOWS\System32\msvcp_win.dll
0x00007ffb67420000 - 0x00007ffb676b4000 	C:\WINDOWS\WinSxS\amd64_microsoft.windows.common-controls_6595b64144ccf1df_6.0.26100.7019_none_3e06ffa0e335b8a8\COMCTL32.dll
0x00007ffb70180000 - 0x00007ffb7018b000 	C:\WINDOWS\SYSTEM32\VERSION.dll
0x00007ffb7a8a0000 - 0x00007ffb7a8d1000 	C:\WINDOWS\System32\IMM32.DLL
0x00007ffb6dce0000 - 0x00007ffb6dcec000 	C:\Program Files\Java\jdk-20\bin\vcruntime140_1.dll
0x00007ffb6d1d0000 - 0x00007ffb6d25e000 	C:\Program Files\Java\jdk-20\bin\msvcp140.dll
0x00007ffb0e1e0000 - 0x00007ffb0ee78000 	C:\Program Files\Java\jdk-20\bin\server\jvm.dll
0x00007ffb5afa0000 - 0x00007ffb5afaa000 	C:\WINDOWS\SYSTEM32\WSOCK32.dll
0x00007ffb7a5f0000 - 0x00007ffb7a664000 	C:\WINDOWS\System32\WS2_32.dll
0x00007ffb70140000 - 0x00007ffb70175000 	C:\WINDOWS\SYSTEM32\WINMM.dll
0x00007ffb769d0000 - 0x00007ffb769eb000 	C:\WINDOWS\SYSTEM32\kernel.appcore.dll
0x00007ffb6d4a0000 - 0x00007ffb6d4aa000 	C:\Program Files\Java\jdk-20\bin\jimage.dll
0x00007ffb755a0000 - 0x00007ffb757e2000 	C:\WINDOWS\SYSTEM32\DBGHELP.DLL
0x00007ffb78fb0000 - 0x00007ffb7933b000 	C:\WINDOWS\System32\combase.dll
0x00007ffb7a490000 - 0x00007ffb7a567000 	C:\WINDOWS\System32\OLEAUT32.dll
0x00007ffb673e0000 - 0x00007ffb6741c000 	C:\WINDOWS\SYSTEM32\dbgcore.DLL
0x00007ffb77d80000 - 0x00007ffb77e25000 	C:\WINDOWS\System32\bcryptPrimitives.dll
0x00007ffb6d3c0000 - 0x00007ffb6d3fc000 	C:\Program Files\Java\jdk-20\bin\jdwp.dll
0x00007ffb6d460000 - 0x00007ffb6d46e000 	C:\Program Files\Java\jdk-20\bin\instrument.dll
0x00007ffb6d470000 - 0x00007ffb6d496000 	C:\Program Files\Java\jdk-20\bin\java.dll
0x00007ffb6d440000 - 0x00007ffb6d458000 	C:\Program Files\Java\jdk-20\bin\zip.dll
0x00007ffb10280000 - 0x00007ffb10357000 	C:\Program Files\Java\jdk-20\bin\jsvml.dll
0x00007ffb79340000 - 0x00007ffb79a8f000 	C:\WINDOWS\System32\SHELL32.dll
0x00007ffb77c10000 - 0x00007ffb77d7b000 	C:\WINDOWS\System32\wintypes.dll
0x00007ffb75830000 - 0x00007ffb7608d000 	C:\WINDOWS\SYSTEM32\windows.storage.dll
0x00007ffb7a790000 - 0x00007ffb7a882000 	C:\WINDOWS\System32\SHCORE.dll
0x00007ffb79fe0000 - 0x00007ffb7a047000 	C:\WINDOWS\System32\shlwapi.dll
0x00007ffb77b30000 - 0x00007ffb77b59000 	C:\WINDOWS\SYSTEM32\profapi.dll
0x00007ffb6d180000 - 0x00007ffb6d18c000 	C:\Program Files\Java\jdk-20\bin\dt_socket.dll
0x00007ffb763a0000 - 0x00007ffb763d4000 	C:\WINDOWS\SYSTEM32\IPHLPAPI.DLL
0x00007ffb76f40000 - 0x00007ffb76fab000 	C:\WINDOWS\system32\mswsock.dll
0x00007ffb6d1b0000 - 0x00007ffb6d1c3000 	C:\Program Files\Java\jdk-20\bin\net.dll
0x00007ffb706a0000 - 0x00007ffb707c8000 	C:\WINDOWS\SYSTEM32\WINHTTP.dll
0x00007ffb6d190000 - 0x00007ffb6d1a6000 	C:\Program Files\Java\jdk-20\bin\nio.dll
0x00007ffb1ea10000 - 0x00007ffb1ea1a000 	C:\Program Files\Java\jdk-20\bin\management.dll
0x00007ffb1ea00000 - 0x00007ffb1ea0b000 	C:\Program Files\Java\jdk-20\bin\management_ext.dll
0x00007ffb7a780000 - 0x00007ffb7a788000 	C:\WINDOWS\System32\PSAPI.DLL
0x00007ffb6d170000 - 0x00007ffb6d17e000 	C:\Program Files\Java\jdk-20\bin\sunmscapi.dll
0x00007ffb786b0000 - 0x00007ffb78827000 	C:\WINDOWS\System32\CRYPT32.dll
0x00007ffb77420000 - 0x00007ffb77450000 	C:\WINDOWS\SYSTEM32\ncrypt.dll
0x00007ffb773d0000 - 0x00007ffb7740f000 	C:\WINDOWS\SYSTEM32\NTASN1.dll
0x00007ffb77210000 - 0x00007ffb7722b000 	C:\WINDOWS\SYSTEM32\CRYPTSP.dll
0x00007ffb76930000 - 0x00007ffb7696a000 	C:\WINDOWS\system32\rsaenh.dll
0x00007ffb76ff0000 - 0x00007ffb7701b000 	C:\WINDOWS\SYSTEM32\USERENV.dll
0x00007ffb77b00000 - 0x00007ffb77b2a000 	C:\WINDOWS\SYSTEM32\bcrypt.dll
0x00007ffb77200000 - 0x00007ffb7720c000 	C:\WINDOWS\SYSTEM32\CRYPTBASE.dll
0x00007ffb7a890000 - 0x00007ffb7a89a000 	C:\WINDOWS\System32\NSI.dll
0x00007ffb70670000 - 0x00007ffb7068e000 	C:\WINDOWS\SYSTEM32\dhcpcsvc6.DLL
0x00007ffb70640000 - 0x00007ffb70663000 	C:\WINDOWS\SYSTEM32\dhcpcsvc.DLL
0x00007ffb76430000 - 0x00007ffb7655c000 	C:\WINDOWS\SYSTEM32\DNSAPI.dll
0x00007ffb1e9f0000 - 0x00007ffb1ea00000 	C:\Program Files\Java\jdk-20\bin\verify.dll
0x00007ffb6ba90000 - 0x00007ffb6ba9b000 	C:\Windows\System32\rasadhlp.dll
0x00007ffb6da20000 - 0x00007ffb6daa6000 	C:\WINDOWS\System32\fwpuclnt.dll
0x00007ffb6ca90000 - 0x00007ffb6ca97000 	C:\Program Files\Java\jdk-20\bin\extnet.dll

dbghelp: loaded successfully - version: 4.0.5 - missing functions: none
symbol engine: initialized successfully - sym options: 0x614 - pdb path: .;C:\Program Files\Java\jdk-20\bin;C:\WINDOWS\SYSTEM32;C:\WINDOWS\WinSxS\amd64_microsoft.windows.common-controls_6595b64144ccf1df_6.0.26100.7019_none_3e06ffa0e335b8a8;C:\Program Files\Java\jdk-20\bin\server

VM Arguments:
jvm_args: -agentlib:jdwp=transport=dt_socket,address=127.0.0.1:61697,suspend=y,server=n -javaagent:C:\Users\guido\AppData\Local\JetBrains\IdeaIC2025.1\captureAgent\debugger-agent.jar=file:///C:/Users/guido/AppData/Local/Temp/capture12559005911569468396.props -Dkotlinx.coroutines.debug.enable.creation.stack.trace=false -Ddebugger.agent.enable.coroutines=true -Dkotlinx.coroutines.debug.enable.flows.stack.trace=true -Dkotlinx.coroutines.debug.enable.mutable.state.flows.stack.trace=true -Dfile.encoding=UTF-8 -Dsun.stdout.encoding=UTF-8 -Dsun.stderr.encoding=UTF-8 
java_command: com.login.LoginApplication
java_class_path (initial): C:\Users\guido\Documents\Proyectos\club\clubBack\target\classes;C:\Users\guido\.m2\repository\org\springframework\boot\spring-boot-starter-security\3.4.5\spring-boot-starter-security-3.4.5.jar;C:\Users\guido\.m2\repository\org\springframework\boot\spring-boot-starter\3.4.5\spring-boot-starter-3.4.5.jar;C:\Users\guido\.m2\repository\org\springframework\boot\spring-boot-starter-logging\3.4.5\spring-boot-starter-logging-3.4.5.jar;C:\Users\guido\.m2\repository\ch\qos\logback\logback-classic\1.5.18\logback-classic-1.5.18.jar;C:\Users\guido\.m2\repository\ch\qos\logback\logback-core\1.5.18\logback-core-1.5.18.jar;C:\Users\guido\.m2\repository\org\apache\logging\log4j\log4j-to-slf4j\2.24.3\log4j-to-slf4j-2.24.3.jar;C:\Users\guido\.m2\repository\org\apache\logging\log4j\log4j-api\2.24.3\log4j-api-2.24.3.jar;C:\Users\guido\.m2\repository\org\slf4j\jul-to-slf4j\2.0.17\jul-to-slf4j-2.0.17.jar;C:\Users\guido\.m2\repository\jakarta\annotation\jakarta.annotation-api\2.1.1\jakarta.annotation-api-2.1.1.jar;C:\Users\guido\.m2\repository\org\yaml\snakeyaml\2.3\snakeyaml-2.3.jar;C:\Users\guido\.m2\repository\org\springframework\spring-aop\6.2.6\spring-aop-6.2.6.jar;C:\Users\guido\.m2\repository\org\springframework\spring-beans\6.2.6\spring-beans-6.2.6.jar;C:\Users\guido\.m2\repository\org\springframework\security\spring-security-config\6.4.5\spring-security-config-6.4.5.jar;C:\Users\guido\.m2\repository\org\springframework\spring-context\6.2.6\spring-context-6.2.6.jar;C:\Users\guido\.m2\repository\org\springframework\security\spring-security-web\6.4.5\spring-security-web-6.4.5.jar;C:\Users\guido\.m2\repository\org\springframework\spring-expression\6.2.6\spring-expression-6.2.6.jar;C:\Users\guido\.m2\repository\org\springframework\boot\spring-boot-starter-web\3.4.5\spring-boot-starter-web-3.4.5.jar;C:\Users\guido\.m2\repository\org\springframework\boot\spring-boot-starter-json\3.4.5\spring-boot-starter-json-3.4.5.jar;C:\Users\guido\.m2\repository\com\fasterxml\jackson\datatype\jackson-datatype-jdk8\2.18.3\jackson-datatype-jdk8-2.18.3.jar;C:\Users\guido\.m2\repository\com\fasterxml\jackson\datatype\jackson-datatype-jsr310\2.18.3\jackson-datatype-jsr310-2.18.3.jar;C:\Users\guido\.m2\repository\com\fasterxml\jackson\module\jackson-module-parameter-names\2.18.3\jackson-module-parameter-names-2.18.3.jar;C:\Users\guido\.m2\repository\org\springframework\boot\spring-boot-starter-tomcat\3.4.5\spring-boot-starter-tomcat-3.4.5.jar;C:\Users\guido\.m2\repository\org\apache\tomcat\embed\tomcat-embed-core\10.1.40\tomcat-embed-core-10.1.40.jar;C:\Users\guido\.m2\repository\org\apache\tomcat\embed\tomcat-embed-websocket\10.1.40\tomcat-embed-websocket-10.1.40.jar;C:\Users\guido\.m2\repository\org\springframework\spring-web\6.2.6\spring-web-6.2.6.jar;C:\Users\guido\.m2\repository\io\micrometer\micrometer-observation\1.14.6\micrometer-observation-1.14.6.jar;C:\Users\guido\.m2\repository\io\micrometer\micrometer-commons\1.14.6\micrometer-commons-1.14.6.jar;C:\Users\guido\.m2\repository\org\springframework\spring-webmvc\6.2.6\spring-webmvc-6.2.6.jar;C:\Users\guido\.m2\repository\org\springframework\boot\spring-boot-devtools\3.4.5\spring-boot-devtools-3.4.5.jar;C:\Users\guido\.m2\repository\org\springframework\boot\spring-boot\3.4.5\spring-boot-3.4.5.jar;C:\Users\guido\.m2\repository\org\springframework\boot\spring-boot-autoconfigure\3.4.5\spring-boot-autoconfigure-3.4.5.jar;C:\Users\guido\.m2\repository\com\auth0\java-jwt\4.5.0\java-jwt-4.5.0.jar;C:\Users\guido\.m2\repository\com\fasterxml\jackson\core\jackson-core\2.18.3\jackson-core-2.18.3.jar;C:\Users\guido\.m2\repository\com\fasterxml\jackson\core\jackson-databind\2.18.3\jackson-databind-2.18.3.jar;C:\Users\guido\.m2\repository\com\fasterxml\jackson\core\jackson-annotations\2.18.3\jackson-annotations-2.18.3.jar;C:\Users\guido\.m2\repository\org\projectlombok\lombok\1.18.38\lombok-1.18.38.jar;C:\Users\guido\.m2\repository\org\slf4j\slf4j-api\2.0.17\slf4j-api-2.0.17.jar;C:\Users\guido\.m2\repository\jakarta\xml\bind\jakarta.xml.bind-api\4.0.2\jakarta.xml.bind-api-4.0.2.jar;C:\Users\guido\.m2\repository\jakarta\activation\jakarta.activation-api\2.1.3\jakarta.activation-api-2.1.3.jar;C:\Users\guido\.m2\repository\net\bytebuddy\byte-buddy\1.15.11\byte-buddy-1.15.11.jar;C:\Users\guido\.m2\repository\org\springframework\spring-core\6.2.6\spring-core-6.2.6.jar;C:\Users\guido\.m2\repository\org\springframework\spring-jcl\6.2.6\spring-jcl-6.2.6.jar;C:\Users\guido\.m2\repository\org\springframework\security\spring-security-core\6.4.5\spring-security-core-6.4.5.jar;C:\Users\guido\.m2\repository\org\springframework\security\spring-security-crypto\6.4.5\spring-security-crypto-6.4.5.jar;C:\Users\guido\.m2\repository\org\springframework\boot\spring-boot-starter-data-jpa\3.4.5\spring-boot-starter-data-jpa-3.4.5.jar;C:\Users\guido\.m2\repository\org\springframework\boot\spring-boot-starter-jdbc\3.4.5\spring-boot-starter-jdbc-3.4.5.jar;C:\Users\guido\.m2\repository\com\zaxxer\HikariCP\5.1.0\HikariCP-5.1.0.jar;C:\Users\guido\.m2\repository\org\springframework\spring-jdbc\6.2.6\spring-jdbc-6.2.6.jar;C:\Users\guido\.m2\repository\org\hibernate\orm\hibernate-core\6.6.13.Final\hibernate-core-6.6.13.Final.jar;C:\Users\guido\.m2\repository\jakarta\persistence\jakarta.persistence-api\3.1.0\jakarta.persistence-api-3.1.0.jar;C:\Users\guido\.m2\repository\jakarta\transaction\jakarta.transaction-api\2.0.1\jakarta.transaction-api-2.0.1.jar;C:\Users\guido\.m2\repository\org\jboss\logging\jboss-logging\3.6.1.Final\jboss-logging-3.6.1.Final.jar;C:\Users\guido\.m2\repository\org\hibernate\common\hibernate-commons-annotations\7.0.3.Final\hibernate-commons-annotations-7.0.3.Final.jar;C:\Users\guido\.m2\repository\io\smallrye\jandex\3.2.0\jandex-3.2.0.jar;C:\Users\guido\.m2\repository\com\fasterxml\classmate\1.7.0\classmate-1.7.0.jar;C:\Users\guido\.m2\repository\org\glassfish\jaxb\jaxb-runtime\4.0.5\jaxb-runtime-4.0.5.jar;C:\Users\guido\.m2\repository\org\glassfish\jaxb\jaxb-core\4.0.5\jaxb-core-4.0.5.jar;C:\Users\guido\.m2\repository\org\glassfish\jaxb\txw2\4.0.5\txw2-4.0.5.jar;C:\Users\guido\.m2\repository\com\sun\istack\istack-commons-runtime\4.1.2\istack-commons-runtime-4.1.2.jar;C:\Users\guido\.m2\repository\jakarta\inject\jakarta.inject-api\2.0.1\jakarta.inject-api-2.0.1.jar;C:\Users\guido\.m2\repository\org\antlr\antlr4-runtime\4.13.0\antlr4-runtime-4.13.0.jar;C:\Users\guido\.m2\repository\org\springframework\data\spring-data-jpa\3.4.5\spring-data-jpa-3.4.5.jar;C:\Users\guido\.m2\repository\org\springframework\data\spring-data-commons\3.4.5\spring-data-commons-3.4.5.jar;C:\Users\guido\.m2\repository\org\springframework\spring-orm\6.2.6\spring-orm-6.2.6.jar;C:\Users\guido\.m2\repository\org\springframework\spring-tx\6.2.6\spring-tx-6.2.6.jar;C:\Users\guido\.m2\repository\org\springframework\spring-aspects\6.2.6\spring-aspects-6.2.6.jar;C:\Users\guido\.m2\repository\org\aspectj\aspectjweaver\1.9.24\aspectjweaver-1.9.24.jar;C:\Users\guido\.m2\repository\com\mysql\mysql-connector-j\9.1.0\mysql-connector-j-9.1.0.jar;C:\Users\guido\.m2\repository\org\springdoc\springdoc-openapi-starter-webmvc-ui\2.6.0\springdoc-openapi-starter-webmvc-ui-2.6.0.jar;C:\Users\guido\.m2\repository\org\springdoc\springdoc-openapi-starter-webmvc-api\2.6.0\springdoc-openapi-starter-webmvc-api-2.6.0.jar;C:\Users\guido\.m2\repository\org\springdoc\springdoc-openapi-starter-common\2.6.0\springdoc-openapi-starter-common-2.6.0.jar;C:\Users\guido\.m2\repository\io\swagger\core\v3\swagger-core-jakarta\2.2.22\swagger-core-jakarta-2.2.22.jar;C:\Users\guido\.m2\repository\org\apache\commons\commons-lang3\3.17.0\commons-lang3-3.17.0.jar;C:\Users\guido\.m2\repository\io\swagger\core\v3\swagger-annotations-jakarta\2.2.22\swagger-annotations-jakarta-2.2.22.jar;C:\Users\guido\.m2\repository\io\swagger\core\v3\swagger-models-jakarta\2.2.22\swagger-models-jakarta-2.2.22.jar;C:\Users\guido\.m2\repository\com\fasterxml\jackson\dataformat\jackson-dataformat-yaml\2.18.3\jackson-dataformat-yaml-2.18.3.jar;C:\Users\guido\.m2\repository\org\webjars\swagger-ui\5.17.14\swagger-ui-5.17.14.jar;C:\Users\guido\.m2\repository\org\springframework\boot\spring-boot-starter-validation\3.4.5\spring-boot-starter-validation-3.4.5.jar;C:\Users\guido\.m2\repository\org\apache\tomcat\embed\tomcat-embed-el\10.1.40\tomcat-embed-el-10.1.40.jar;C:\Users\guido\.m2\repository\org\hibernate\validator\hibernate-validator\8.0.2.Final\hibernate-validator-8.0.2.Final.jar;C:\Users\guido\.m2\repository\jakarta\validation\jakarta.validation-api\3.0.2\jakarta.validation-api-3.0.2.jar;C:\Users\guido\.m2\repository\org\springframework\boot\spring-boot-starter-mail\3.3.4\spring-boot-starter-mail-3.3.4.jar;C:\Users\guido\.m2\repository\org\springframework\spring-context-support\6.2.6\spring-context-support-6.2.6.jar;C:\Users\guido\.m2\repository\org\eclipse\angus\jakarta.mail\2.0.3\jakarta.mail-2.0.3.jar;C:\Users\guido\.m2\repository\org\eclipse\angus\angus-activation\2.0.2\angus-activation-2.0.2.jar;C:\Users\guido\.m2\repository\org\postgresql\postgresql\42.6.0\postgresql-42.6.0.jar;C:\Users\guido\.m2\repository\org\checkerframework\checker-qual\3.31.0\checker-qual-3.31.0.jar;C:\Program Files\JetBrains\IntelliJ IDEA Community Edition 2025.1\lib\idea_rt.jar
Launcher Type: SUN_STANDARD

[Global flags]
     intx CICompilerCount                          = 4                                         {product} {ergonomic}
     uint ConcGCThreads                            = 3                                         {product} {ergonomic}
     uint G1ConcRefinementThreads                  = 10                                        {product} {ergonomic}
   size_t G1HeapRegionSize                         = 1048576                                   {product} {ergonomic}
    uintx GCDrainStackTargetSize                   = 64                                        {product} {ergonomic}
   size_t InitialHeapSize                          = 98566144                                  {product} {ergonomic}
   size_t MarkStackSize                            = 4194304                                   {product} {ergonomic}
   size_t MaxHeapSize                              = 1570766848                                {product} {ergonomic}
   size_t MaxNewSize                               = 941621248                                 {product} {ergonomic}
   size_t MinHeapDeltaBytes                        = 1048576                                   {product} {ergonomic}
   size_t MinHeapSize                              = 8388608                                   {product} {ergonomic}
    uintx NonNMethodCodeHeapSize                   = 5839372                                {pd product} {ergonomic}
    uintx NonProfiledCodeHeapSize                  = 122909434                              {pd product} {ergonomic}
    uintx ProfiledCodeHeapSize                     = 122909434                              {pd product} {ergonomic}
    uintx ReservedCodeCacheSize                    = 251658240                              {pd product} {ergonomic}
     bool SegmentedCodeCache                       = true                                      {product} {ergonomic}
   size_t SoftMaxHeapSize                          = 1570766848                             {manageable} {ergonomic}
     bool UseCompressedClassPointers               = true                           {product lp64_product} {ergonomic}
     bool UseCompressedOops                        = true                           {product lp64_product} {ergonomic}
     bool UseG1GC                                  = true                                      {product} {ergonomic}
     bool UseLargePagesIndividualAllocation        = false                                  {pd product} {ergonomic}

Logging:
Log output configuration:
 #0: stdout all=warning uptime,level,tags foldmultilines=false
 #1: stderr all=off uptime,level,tags foldmultilines=false

Environment Variables:
JAVA_HOME=C:\Program Files\Java\jdk-20
PATH=C:\Python27\;C:\Python27\Scripts;C:\Python313\Scripts\;C:\Python313\;C:\Program Files\Common Files\Oracle\Java\javapath;C:\Program Files (x86)\Common Files\Oracle\Java\java8path;C:\Program Files (x86)\Common Files\Oracle\Java\javapath;C:\WINDOWS\system32;C:\WINDOWS;C:\WINDOWS\System32\Wbem;C:\WINDOWS\System32\WindowsPowerShell\v1.0\;C:\WINDOWS\System32\OpenSSH\;C:\ProgramData\chocolatey\bin;C:\Program Files\Java\jdk-20\bin;C:\Users\guido\AppData\Roaming\nvm;C:\Program Files\nodejs;C:\Program Files\Docker\Docker\resources\bin;C:\Program Files\Git\cmd;C:\apache-maven-3.9.11\bin;C:\Users\guido\AppData\Local\Microsoft\WindowsApps;C:\Program Files\JetBrains\IntelliJ IDEA 2024.3.5\bin;;C:\Users\guido\AppData\Roaming\npm;C:\Users\guido\AppData\Local\Programs\Microsoft VS Code\bin;C:\Users\guido\AppData\Roaming\nvm;C:\Program Files\nodejs;;C:\Program Files\JetBrains\IntelliJ IDEA Community Edition 2025.1\bin;;C:\Users\guido\AppData\Local\Programs\cursor\resources\app\bin;C:\Users\guido\AppData\Local\Programs\Antigravity\bin
USERNAME=guido
OS=Windows_NT
PROCESSOR_IDENTIFIER=AMD64 Family 23 Model 104 Stepping 1, AuthenticAMD
TMP=C:\Users\guido\AppData\Local\Temp
TEMP=C:\Users\guido\AppData\Local\Temp




---------------  S Y S T E M  ---------------

OS:
 Windows 11 , 64 bit Build 26100 (10.0.26100.7019)
OS uptime: 0 days 10:11 hours
Hyper-V role detected

CPU: total 12 (initial active 12) (12 cores per cpu, 2 threads per core) family 23 model 104 stepping 1 microcode 0x8608103, cx8, cmov, fxsr, ht, mmx, 3dnowpref, sse, sse2, sse3, ssse3, sse4a, sse4.1, sse4.2, popcnt, lzcnt, tsc, tscinvbit, avx, avx2, aes, clmul, bmi1, bmi2, adx, sha, fma, vzeroupper, clflush, clflushopt, hv, rdtscp, rdpid, f16c

Memory: 4k page, system-wide physical 5989M (343M free)
TotalPageFile size 24421M (AvailPageFile size 53M)
current process WorkingSet (physical memory assigned to process): 246M, peak: 267M
current process commit charge ("private bytes"): 375M, peak: 378M

vm_info: Java HotSpot(TM) 64-Bit Server VM (20.0.2+9-78) for windows-amd64 JRE (20.0.2+9-78), built on 2023-06-14T10:08:48Z by "mach5one" with MS VC++ 17.1 (VS2022)

END.
